main.c:110:5:main	112	static
main.c:325:6:SystemClock_Config	232	static
main.c:401:13:MX_CRC_Init	8	static
main.c:432:13:MX_DFSDM1_Init	8	static
main.c:470:13:MX_I2C2_Init	8	static
main.c:516:13:MX_QUADSPI_Init	8	static
main.c:549:13:MX_SPI3_Init	8	static
main.c:589:13:MX_USART1_UART_Init	8	static
main.c:624:13:MX_USART3_UART_Init	8	static
main.c:659:13:MX_USB_OTG_FS_PCD_Init	8	static
main.c:694:13:MX_GPIO_Init	48	static
main.c:887:16:platform_write	40	static
main.c:908:16:platform_read	40	static
main.c:926:13:tx_com	16	static
main.c:934:16:platform_read_int_pin	8	static
main.c:944:6:Error_Handler	4	static
