main.c:111:5:main	104	static
main.c:319:6:SystemClock_Config	232	static
main.c:395:13:MX_CRC_Init	8	static
main.c:426:13:MX_DFSDM1_Init	8	static
main.c:464:13:MX_I2C2_Init	8	static
main.c:510:13:MX_QUADSPI_Init	8	static
main.c:543:13:MX_SPI3_Init	8	static
main.c:583:13:MX_USART1_UART_Init	8	static
main.c:618:13:MX_USART3_UART_Init	8	static
main.c:653:13:MX_USB_OTG_FS_PCD_Init	8	static
main.c:688:13:MX_GPIO_Init	48	static
main.c:881:16:platform_write	40	static
main.c:902:16:platform_read	40	static
main.c:920:13:tx_com	16	static
main.c:928:16:platform_read_int_pin	8	static
main.c:938:6:Error_Handler	4	static
